[0.582s] Invoking command in '/home/ignavar/ros2_ws/src/disaster_response_ai': PYTHONPATH=/home/ignavar/ros2_ws/build/disaster_response_ai/prefix_override:/usr/lib/python3/dist-packages/colcon_core/task/python/colcon_distutils_commands:/home/ignavar/ros2_ws/install/disaster_response_ai/lib/python3.12/site-packages:${PYTHONPATH} /usr/bin/python3 -W ignore:setup.py install is deprecated -W ignore:easy_install command is deprecated setup.py egg_info --egg-base ../../build/disaster_response_ai build --build-base /home/ignavar/ros2_ws/build/disaster_response_ai/build install --record /home/ignavar/ros2_ws/build/disaster_response_ai/install.log --single-version-externally-managed install_data
[0.726s] running egg_info
[0.736s] writing ../../build/disaster_response_ai/disaster_response_ai.egg-info/PKG-INFO
[0.747s] writing dependency_links to ../../build/disaster_response_ai/disaster_response_ai.egg-info/dependency_links.txt
[0.747s] writing entry points to ../../build/disaster_response_ai/disaster_response_ai.egg-info/entry_points.txt
[0.747s] writing requirements to ../../build/disaster_response_ai/disaster_response_ai.egg-info/requires.txt
[0.747s] writing top-level names to ../../build/disaster_response_ai/disaster_response_ai.egg-info/top_level.txt
[0.770s] reading manifest file '../../build/disaster_response_ai/disaster_response_ai.egg-info/SOURCES.txt'
[0.770s] writing manifest file '../../build/disaster_response_ai/disaster_response_ai.egg-info/SOURCES.txt'
[0.770s] running build
[0.770s] running build_py
[0.771s] copying disaster_response_ai/vision_controller.py -> /home/ignavar/ros2_ws/build/disaster_response_ai/build/lib/disaster_response_ai
[0.772s] running install
[0.776s] running install_lib
[0.786s] copying /home/ignavar/ros2_ws/build/disaster_response_ai/build/lib/disaster_response_ai/vision_controller.py -> /home/ignavar/ros2_ws/install/disaster_response_ai/lib/python3.12/site-packages/disaster_response_ai
[0.787s] byte-compiling /home/ignavar/ros2_ws/install/disaster_response_ai/lib/python3.12/site-packages/disaster_response_ai/vision_controller.py to vision_controller.cpython-312.pyc
[0.787s] running install_data
[0.787s] running install_egg_info
[0.798s] removing '/home/ignavar/ros2_ws/install/disaster_response_ai/lib/python3.12/site-packages/disaster_response_ai-0.0.0-py3.12.egg-info' (and everything under it)
[0.798s] Copying ../../build/disaster_response_ai/disaster_response_ai.egg-info to /home/ignavar/ros2_ws/install/disaster_response_ai/lib/python3.12/site-packages/disaster_response_ai-0.0.0-py3.12.egg-info
[0.799s] running install_scripts
[0.868s] Installing vision_controller script to /home/ignavar/ros2_ws/install/disaster_response_ai/lib/disaster_response_ai
[0.869s] writing list of installed files to '/home/ignavar/ros2_ws/build/disaster_response_ai/install.log'
[0.886s] Invoked command in '/home/ignavar/ros2_ws/src/disaster_response_ai' returned '0': PYTHONPATH=/home/ignavar/ros2_ws/build/disaster_response_ai/prefix_override:/usr/lib/python3/dist-packages/colcon_core/task/python/colcon_distutils_commands:/home/ignavar/ros2_ws/install/disaster_response_ai/lib/python3.12/site-packages:${PYTHONPATH} /usr/bin/python3 -W ignore:setup.py install is deprecated -W ignore:easy_install command is deprecated setup.py egg_info --egg-base ../../build/disaster_response_ai build --build-base /home/ignavar/ros2_ws/build/disaster_response_ai/build install --record /home/ignavar/ros2_ws/build/disaster_response_ai/install.log --single-version-externally-managed install_data
