[0.000000] (-) TimerEvent: {}
[0.000248] (disaster_response_ai) JobQueued: {'identifier': 'disaster_response_ai', 'dependencies': OrderedDict()}
[0.000587] (disaster_response_ai) JobStarted: {'identifier': 'disaster_response_ai'}
[0.099819] (-) TimerEvent: {}
[0.200010] (-) TimerEvent: {}
[0.300243] (-) TimerEvent: {}
[0.400462] (-) TimerEvent: {}
[0.500673] (-) TimerEvent: {}
[0.571375] (disaster_response_ai) Command: {'cmd': ['/usr/bin/python3', '-W', 'ignore:setup.py install is deprecated', '-W', 'ignore:easy_install command is deprecated', 'setup.py', 'egg_info', '--egg-base', '../../build/disaster_response_ai', 'build', '--build-base', '/home/ignavar/ros2_ws/build/disaster_response_ai/build', 'install', '--record', '/home/ignavar/ros2_ws/build/disaster_response_ai/install.log', '--single-version-externally-managed', 'install_data'], 'cwd': '/home/ignavar/ros2_ws/src/disaster_response_ai', 'env': {'XDG_ACTIVATION_TOKEN': 'BNNNXoYOoe6LWrHMFDR7XDdu0ZDSwdAo', 'COSMIC_DATA_CONTROL_ENABLED': '1', 'USER': 'ignavar', 'GZ_SIM_RESOURCE_PATH': '/opt/ros/jazzy/share', 'XDG_SEAT': 'seat0', 'GZ_CONFIG_PATH': '/opt/ros/jazzy/opt/gz_sim_vendor/share/gz:/opt/ros/jazzy/opt/sdformat_vendor/share/gz:/opt/ros/jazzy/opt/gz_gui_vendor/share/gz:/opt/ros/jazzy/opt/gz_transport_vendor/share/gz:/opt/ros/jazzy/opt/gz_rendering_vendor/share/gz:/opt/ros/jazzy/opt/gz_plugin_vendor/share/gz:/opt/ros/jazzy/opt/gz_fuel_tools_vendor/share/gz:/opt/ros/jazzy/opt/gz_msgs_vendor/share/gz:/opt/ros/jazzy/opt/gz_common_vendor/share/gz', 'XDG_SESSION_TYPE': 'wayland', 'SHLVL': '1', 'LD_LIBRARY_PATH': '/opt/ros/jazzy/opt/gz_sim_vendor/lib:/opt/ros/jazzy/opt/gz_sensors_vendor/lib:/opt/ros/jazzy/opt/gz_physics_vendor/lib:/opt/ros/jazzy/opt/sdformat_vendor/lib:/opt/ros/jazzy/opt/rviz_ogre_vendor/lib:/opt/ros/jazzy/lib/x86_64-linux-gnu:/opt/ros/jazzy/opt/gz_gui_vendor/lib:/opt/ros/jazzy/opt/gz_transport_vendor/lib:/opt/ros/jazzy/opt/gz_rendering_vendor/lib:/opt/ros/jazzy/opt/gz_plugin_vendor/lib:/opt/ros/jazzy/opt/gz_fuel_tools_vendor/lib:/opt/ros/jazzy/opt/gz_msgs_vendor/lib:/opt/ros/jazzy/opt/gz_common_vendor/lib:/opt/ros/jazzy/opt/gz_math_vendor/lib:/opt/ros/jazzy/opt/gz_utils_vendor/lib:/opt/ros/jazzy/opt/gz_tools_vendor/lib:/opt/ros/jazzy/opt/gz_ogre_next_vendor/lib:/opt/ros/jazzy/opt/gz_dartsim_vendor/lib:/opt/ros/jazzy/opt/gz_cmake_vendor/lib:/opt/ros/jazzy/lib', 'HOME': '/home/ignavar', 'MOZ_ENABLE_WAYLAND': '1', 'OLDPWD': '/home/ignavar/ros2_ws/src', 'DCONF_PROFILE': '/usr/share/dconf/profile/cosmic', 'TERM_PROGRAM_VERSION': '20240203-110809-5046fc22', 'NVM_BIN': '/home/ignavar/.nvm/versions/node/v22.15.0/bin', 'NVM_INC': '/home/ignavar/.nvm/versions/node/v22.15.0/include/node', 'ROS_PYTHON_VERSION': '3', 'DBUS_SESSION_BUS_ADDRESS': 'unix:path=/run/user/1000/bus', 'P9K_TTY': 'old', 'COLORTERM': 'truecolor', 'NVM_DIR': '/home/ignavar/.nvm', 'IM_CONFIG_PHASE': '1', 'WAYLAND_DISPLAY': 'wayland-1', 'WEZTERM_EXECUTABLE': '/usr/bin/wezterm-gui', 'ROS_DISTRO': 'jazzy', 'COLCON_PREFIX_PATH': '/home/ignavar/ros2_ws/install', 'GTK_IM_MODULE': 'ibus', 'LOGNAME': 'ignavar', 'QT_AUTO_SCREEN_SCALE_FACTOR': '1', '_P9K_SSH_TTY': '/dev/pts/3', 'SDKMAN_CANDIDATES_API': 'https://api.sdkman.io/2', '_': '/usr/bin/colcon', 'ROS_VERSION': '2', 'TERM': 'xterm-256color', 'XDG_SESSION_ID': '3', 'WEZTERM_CONFIG_FILE': '/home/ignavar/.wezterm.lua', 'WEZTERM_EXECUTABLE_DIR': '/usr/bin', 'PATH': '/opt/ros/jazzy/opt/gz_msgs_vendor/bin:/opt/ros/jazzy/opt/gz_tools_vendor/bin:/opt/ros/jazzy/opt/gz_ogre_next_vendor/bin:/opt/ros/jazzy/bin:/home/ignavar/.sdkman/candidates/java/current/bin:/home/ignavar/.nvm/versions/node/v22.15.0/bin:/home/ignavar/.cargo/bin:/home/ignavar/.local/bin:/home/ignavar/.cargo/bin:/home/ignavar/.local/bin:/usr/local/sbin:/usr/local/bin:/usr/sbin:/usr/bin:/sbin:/bin:/usr/games:/usr/local/games:/snap/bin:/opt/nvim-linux64/bin:/home/ignavar/.config/composer/vendor/bin:/home/ignavar/.cargo/bin:/home/ignavar/.local/bin:/usr/local/sbin:/usr/local/bin:/usr/sbin:/usr/bin:/sbin:/bin:/usr/games:/usr/local/games:/snap/bin:/opt/nvim-linux-x86_64/bin:/usr/local/go/bin', 'SDKMAN_CANDIDATES_DIR': '/home/ignavar/.sdkman/candidates', 'GDK_BACKEND': 'wayland,x11', 'XDG_RUNTIME_DIR': '/run/user/1000', 'DISPLAY': ':1', 'DESKTOP_STARTUP_ID': 'BNNNXoYOoe6LWrHMFDR7XDdu0ZDSwdAo', 'LANG': 'en_US.UTF-8', 'XDG_CURRENT_DESKTOP': 'COSMIC', 'TERM_PROGRAM': 'WezTerm', 'XDG_SESSION_DESKTOP': 'COSMIC', 'XMODIFIERS': '@im=ibus', 'SDKMAN_DIR': '/home/ignavar/.sdkman', 'SDKMAN_PLATFORM': 'linuxx64', 'SSH_AUTH_SOCK': '/run/user/1000/gcr/ssh', 'AMENT_PREFIX_PATH': '/home/ignavar/ros2_ws/install/disaster_response_ai:/opt/ros/jazzy', 'SHELL': '/bin/zsh', '_JAVA_AWT_WM_NONREPARENTING': '1', 'P9K_SSH': '0', 'QT_ENABLE_HIGHDPI_SCALING': '1', 'QT_IM_MODULE': 'ibus', 'WEZTERM_CONFIG_DIR': '/home/ignavar', 'XDG_VTNR': '1', 'ROS_AUTOMATIC_DISCOVERY_RANGE': 'SUBNET', 'PWD': '/home/ignavar/ros2_ws/build/disaster_response_ai', 'QT_QPA_PLATFORM': 'wayland;xcb', 'JAVA_HOME': '/home/ignavar/.sdkman/candidates/java/current', 'CLUTTER_IM_MODULE': 'ibus', 'XDG_DATA_DIRS': '/home/ignavar/.local/share/flatpak/exports/share:/var/lib/flatpak/exports/share:/usr/local/share:/usr/share', '_P9K_TTY': '/dev/pts/3', 'NVM_CD_FLAGS': '-q', 'GEMINI_API_KEY': 'AIzaSyAEGvJPjUkmI3KyBsY1Y3LSy9pdv4CNX_U', 'WEZTERM_UNIX_SOCKET': '/run/user/1000/wezterm/gui-sock-4084', 'PYTHONPATH': '/home/ignavar/ros2_ws/build/disaster_response_ai/prefix_override:/usr/lib/python3/dist-packages/colcon_core/task/python/colcon_distutils_commands:/home/ignavar/ros2_ws/install/disaster_response_ai/lib/python3.12/site-packages:/home/ignavar/ros2_ws/install/disaster_response_ai/lib/python3.12/site-packages:/opt/ros/jazzy/lib/python3.12/site-packages', 'WEZTERM_PANE': '3', 'COLCON': '1', 'CMAKE_PREFIX_PATH': '/opt/ros/jazzy/opt/gz_sim_vendor:/opt/ros/jazzy/opt/gz_sensors_vendor:/opt/ros/jazzy/opt/gz_physics_vendor:/opt/ros/jazzy/opt/sdformat_vendor:/opt/ros/jazzy/opt/gz_gui_vendor:/opt/ros/jazzy/opt/gz_transport_vendor:/opt/ros/jazzy/opt/gz_rendering_vendor:/opt/ros/jazzy/opt/gz_plugin_vendor:/opt/ros/jazzy/opt/gz_fuel_tools_vendor:/opt/ros/jazzy/opt/gz_msgs_vendor:/opt/ros/jazzy/opt/gz_common_vendor:/opt/ros/jazzy/opt/gz_math_vendor:/opt/ros/jazzy/opt/gz_utils_vendor:/opt/ros/jazzy/opt/gz_tools_vendor:/opt/ros/jazzy/opt/gz_ogre_next_vendor:/opt/ros/jazzy/opt/gz_dartsim_vendor:/opt/ros/jazzy/opt/gz_cmake_vendor'}, 'shell': False}
[0.600809] (-) TimerEvent: {}
[0.701082] (-) TimerEvent: {}
[0.748013] (disaster_response_ai) StdoutLine: {'line': b'running egg_info\n'}
[0.748272] (disaster_response_ai) StdoutLine: {'line': b'creating ../../build/disaster_response_ai/disaster_response_ai.egg-info\n'}
[0.759820] (disaster_response_ai) StdoutLine: {'line': b'writing ../../build/disaster_response_ai/disaster_response_ai.egg-info/PKG-INFO\n'}
[0.759988] (disaster_response_ai) StdoutLine: {'line': b'writing dependency_links to ../../build/disaster_response_ai/disaster_response_ai.egg-info/dependency_links.txt\n'}
[0.760121] (disaster_response_ai) StdoutLine: {'line': b'writing entry points to ../../build/disaster_response_ai/disaster_response_ai.egg-info/entry_points.txt\n'}
[0.760225] (disaster_response_ai) StdoutLine: {'line': b'writing requirements to ../../build/disaster_response_ai/disaster_response_ai.egg-info/requires.txt\n'}
[0.760307] (disaster_response_ai) StdoutLine: {'line': b'writing top-level names to ../../build/disaster_response_ai/disaster_response_ai.egg-info/top_level.txt\n'}
[0.760386] (disaster_response_ai) StdoutLine: {'line': b"writing manifest file '../../build/disaster_response_ai/disaster_response_ai.egg-info/SOURCES.txt'\n"}
[0.788317] (disaster_response_ai) StdoutLine: {'line': b"reading manifest file '../../build/disaster_response_ai/disaster_response_ai.egg-info/SOURCES.txt'\n"}
[0.788696] (disaster_response_ai) StdoutLine: {'line': b"writing manifest file '../../build/disaster_response_ai/disaster_response_ai.egg-info/SOURCES.txt'\n"}
[0.788798] (disaster_response_ai) StdoutLine: {'line': b'running build\n'}
[0.788885] (disaster_response_ai) StdoutLine: {'line': b'running build_py\n'}
[0.788980] (disaster_response_ai) StdoutLine: {'line': b'creating /home/ignavar/ros2_ws/build/disaster_response_ai/build\n'}
[0.798608] (disaster_response_ai) StdoutLine: {'line': b'creating /home/ignavar/ros2_ws/build/disaster_response_ai/build/lib\n'}
[0.798754] (disaster_response_ai) StdoutLine: {'line': b'creating /home/ignavar/ros2_ws/build/disaster_response_ai/build/lib/disaster_response_ai\n'}
[0.798835] (disaster_response_ai) StdoutLine: {'line': b'copying disaster_response_ai/vision_controller.py -> /home/ignavar/ros2_ws/build/disaster_response_ai/build/lib/disaster_response_ai\n'}
[0.798911] (disaster_response_ai) StdoutLine: {'line': b'copying disaster_response_ai/__init__.py -> /home/ignavar/ros2_ws/build/disaster_response_ai/build/lib/disaster_response_ai\n'}
[0.798998] (disaster_response_ai) StdoutLine: {'line': b'running install\n'}
[0.801171] (-) TimerEvent: {}
[0.803265] (disaster_response_ai) StdoutLine: {'line': b'running install_lib\n'}
[0.814751] (disaster_response_ai) StdoutLine: {'line': b'copying /home/ignavar/ros2_ws/build/disaster_response_ai/build/lib/disaster_response_ai/vision_controller.py -> /home/ignavar/ros2_ws/install/disaster_response_ai/lib/python3.12/site-packages/disaster_response_ai\n'}
[0.814928] (disaster_response_ai) StdoutLine: {'line': b'copying /home/ignavar/ros2_ws/build/disaster_response_ai/build/lib/disaster_response_ai/__init__.py -> /home/ignavar/ros2_ws/install/disaster_response_ai/lib/python3.12/site-packages/disaster_response_ai\n'}
[0.815182] (disaster_response_ai) StdoutLine: {'line': b'byte-compiling /home/ignavar/ros2_ws/install/disaster_response_ai/lib/python3.12/site-packages/disaster_response_ai/vision_controller.py to vision_controller.cpython-312.pyc\n'}
[0.815932] (disaster_response_ai) StdoutLine: {'line': b'byte-compiling /home/ignavar/ros2_ws/install/disaster_response_ai/lib/python3.12/site-packages/disaster_response_ai/__init__.py to __init__.cpython-312.pyc\n'}
[0.816115] (disaster_response_ai) StdoutLine: {'line': b'running install_data\n'}
[0.816227] (disaster_response_ai) StdoutLine: {'line': b'running install_egg_info\n'}
[0.828330] (disaster_response_ai) StdoutLine: {'line': b"removing '/home/ignavar/ros2_ws/install/disaster_response_ai/lib/python3.12/site-packages/disaster_response_ai-0.0.0-py3.12.egg-info' (and everything under it)\n"}
[0.828531] (disaster_response_ai) StdoutLine: {'line': b'Copying ../../build/disaster_response_ai/disaster_response_ai.egg-info to /home/ignavar/ros2_ws/install/disaster_response_ai/lib/python3.12/site-packages/disaster_response_ai-0.0.0-py3.12.egg-info\n'}
[0.828934] (disaster_response_ai) StdoutLine: {'line': b'running install_scripts\n'}
[0.901268] (-) TimerEvent: {}
[0.912360] (disaster_response_ai) StdoutLine: {'line': b'Installing vision_controller script to /home/ignavar/ros2_ws/install/disaster_response_ai/lib/disaster_response_ai\n'}
[0.912615] (disaster_response_ai) StdoutLine: {'line': b"writing list of installed files to '/home/ignavar/ros2_ws/build/disaster_response_ai/install.log'\n"}
[0.934315] (disaster_response_ai) CommandEnded: {'returncode': 0}
[0.942561] (disaster_response_ai) JobEnded: {'identifier': 'disaster_response_ai', 'rc': 0}
[0.943278] (-) EventReactorShutdown: {}
