running egg_info
creating ../../build/disaster_response_ai/disaster_response_ai.egg-info
writing ../../build/disaster_response_ai/disaster_response_ai.egg-info/PKG-INFO
writing dependency_links to ../../build/disaster_response_ai/disaster_response_ai.egg-info/dependency_links.txt
writing entry points to ../../build/disaster_response_ai/disaster_response_ai.egg-info/entry_points.txt
writing requirements to ../../build/disaster_response_ai/disaster_response_ai.egg-info/requires.txt
writing top-level names to ../../build/disaster_response_ai/disaster_response_ai.egg-info/top_level.txt
writing manifest file '../../build/disaster_response_ai/disaster_response_ai.egg-info/SOURCES.txt'
reading manifest file '../../build/disaster_response_ai/disaster_response_ai.egg-info/SOURCES.txt'
writing manifest file '../../build/disaster_response_ai/disaster_response_ai.egg-info/SOURCES.txt'
running build
running build_py
creating /home/ignavar/ros2_ws/build/disaster_response_ai/build
creating /home/ignavar/ros2_ws/build/disaster_response_ai/build/lib
creating /home/ignavar/ros2_ws/build/disaster_response_ai/build/lib/disaster_response_ai
copying disaster_response_ai/__init__.py -> /home/ignavar/ros2_ws/build/disaster_response_ai/build/lib/disaster_response_ai
running install
running install_lib
creating /home/ignavar/ros2_ws/install/disaster_response_ai/lib/python3.12/site-packages/disaster_response_ai
copying /home/ignavar/ros2_ws/build/disaster_response_ai/build/lib/disaster_response_ai/__init__.py -> /home/ignavar/ros2_ws/install/disaster_response_ai/lib/python3.12/site-packages/disaster_response_ai
byte-compiling /home/ignavar/ros2_ws/install/disaster_response_ai/lib/python3.12/site-packages/disaster_response_ai/__init__.py to __init__.cpython-312.pyc
running install_data
creating /home/ignavar/ros2_ws/install/disaster_response_ai/share/ament_index
creating /home/ignavar/ros2_ws/install/disaster_response_ai/share/ament_index/resource_index
creating /home/ignavar/ros2_ws/install/disaster_response_ai/share/ament_index/resource_index/packages
copying resource/disaster_response_ai -> /home/ignavar/ros2_ws/install/disaster_response_ai/share/ament_index/resource_index/packages
copying package.xml -> /home/ignavar/ros2_ws/install/disaster_response_ai/share/disaster_response_ai
running install_egg_info
Copying ../../build/disaster_response_ai/disaster_response_ai.egg-info to /home/ignavar/ros2_ws/install/disaster_response_ai/lib/python3.12/site-packages/disaster_response_ai-0.0.0-py3.12.egg-info
running install_scripts
Installing vision_controller script to /home/ignavar/ros2_ws/install/disaster_response_ai/lib/disaster_response_ai
writing list of installed files to '/home/ignavar/ros2_ws/build/disaster_response_ai/install.log'
