[0.503s] Invoking command in '/home/ignavar/ros2_ws/src/disaster_response_ai': PYTHONPATH=/home/ignavar/ros2_ws/build/disaster_response_ai/prefix_override:/usr/lib/python3/dist-packages/colcon_core/task/python/colcon_distutils_commands:/home/ignavar/ros2_ws/install/disaster_response_ai/lib/python3.12/site-packages:${PYTHONPATH} VIRTUAL_ENV_PROMPT=(src) /usr/bin/python3 -W ignore:setup.py install is deprecated -W ignore:easy_install command is deprecated setup.py egg_info --egg-base ../../build/disaster_response_ai build --build-base /home/ignavar/ros2_ws/build/disaster_response_ai/build install --record /home/ignavar/ros2_ws/build/disaster_response_ai/install.log --single-version-externally-managed install_data
[0.659s] running egg_info
[0.659s] creating ../../build/disaster_response_ai/disaster_response_ai.egg-info
[0.670s] writing ../../build/disaster_response_ai/disaster_response_ai.egg-info/PKG-INFO
[0.670s] writing dependency_links to ../../build/disaster_response_ai/disaster_response_ai.egg-info/dependency_links.txt
[0.670s] writing entry points to ../../build/disaster_response_ai/disaster_response_ai.egg-info/entry_points.txt
[0.670s] writing requirements to ../../build/disaster_response_ai/disaster_response_ai.egg-info/requires.txt
[0.670s] writing top-level names to ../../build/disaster_response_ai/disaster_response_ai.egg-info/top_level.txt
[0.670s] writing manifest file '../../build/disaster_response_ai/disaster_response_ai.egg-info/SOURCES.txt'
[0.691s] reading manifest file '../../build/disaster_response_ai/disaster_response_ai.egg-info/SOURCES.txt'
[0.691s] writing manifest file '../../build/disaster_response_ai/disaster_response_ai.egg-info/SOURCES.txt'
[0.691s] running build
[0.691s] running build_py
[0.692s] creating /home/ignavar/ros2_ws/build/disaster_response_ai/build
[0.692s] creating /home/ignavar/ros2_ws/build/disaster_response_ai/build/lib
[0.692s] creating /home/ignavar/ros2_ws/build/disaster_response_ai/build/lib/disaster_response_ai
[0.692s] copying disaster_response_ai/__init__.py -> /home/ignavar/ros2_ws/build/disaster_response_ai/build/lib/disaster_response_ai
[0.692s] running install
[0.696s] running install_lib
[0.706s] creating /home/ignavar/ros2_ws/install/disaster_response_ai/lib/python3.12/site-packages/disaster_response_ai
[0.706s] copying /home/ignavar/ros2_ws/build/disaster_response_ai/build/lib/disaster_response_ai/__init__.py -> /home/ignavar/ros2_ws/install/disaster_response_ai/lib/python3.12/site-packages/disaster_response_ai
[0.707s] byte-compiling /home/ignavar/ros2_ws/install/disaster_response_ai/lib/python3.12/site-packages/disaster_response_ai/__init__.py to __init__.cpython-312.pyc
[0.707s] running install_data
[0.707s] creating /home/ignavar/ros2_ws/install/disaster_response_ai/share/ament_index
[0.707s] creating /home/ignavar/ros2_ws/install/disaster_response_ai/share/ament_index/resource_index
[0.707s] creating /home/ignavar/ros2_ws/install/disaster_response_ai/share/ament_index/resource_index/packages
[0.707s] copying resource/disaster_response_ai -> /home/ignavar/ros2_ws/install/disaster_response_ai/share/ament_index/resource_index/packages
[0.707s] copying package.xml -> /home/ignavar/ros2_ws/install/disaster_response_ai/share/disaster_response_ai
[0.707s] running install_egg_info
[0.718s] Copying ../../build/disaster_response_ai/disaster_response_ai.egg-info to /home/ignavar/ros2_ws/install/disaster_response_ai/lib/python3.12/site-packages/disaster_response_ai-0.0.0-py3.12.egg-info
[0.719s] running install_scripts
[0.788s] Installing vision_controller script to /home/ignavar/ros2_ws/install/disaster_response_ai/lib/disaster_response_ai
[0.788s] writing list of installed files to '/home/ignavar/ros2_ws/build/disaster_response_ai/install.log'
[0.806s] Invoked command in '/home/ignavar/ros2_ws/src/disaster_response_ai' returned '0': PYTHONPATH=/home/ignavar/ros2_ws/build/disaster_response_ai/prefix_override:/usr/lib/python3/dist-packages/colcon_core/task/python/colcon_distutils_commands:/home/ignavar/ros2_ws/install/disaster_response_ai/lib/python3.12/site-packages:${PYTHONPATH} VIRTUAL_ENV_PROMPT=(src) /usr/bin/python3 -W ignore:setup.py install is deprecated -W ignore:easy_install command is deprecated setup.py egg_info --egg-base ../../build/disaster_response_ai build --build-base /home/ignavar/ros2_ws/build/disaster_response_ai/build install --record /home/ignavar/ros2_ws/build/disaster_response_ai/install.log --single-version-externally-managed install_data
